🔍 [expo-iap] Config values: horizonAppId=undefined, isHorizonEnabled=false, isOnsideEnabled=false
📦 [expo-iap] Using OpenIAP from CocoaPods
Starting Metro Bundler
Web node_modules/expo/AppEntry.js ░░░░░░░░░░░░░░░░  0.0% (0/1)
Web node_modules/expo/AppEntry.js ▓▓▓░░░░░░░░░░░░░ 20.6% (265/584)
Web node_modules/expo/AppEntry.js ▓▓▓▓▓▓▓▓░░░░░░░░ 55.6% (633/857)
| (node:857129) Warning: The 'NO_COLOR' env is ignored due to the 'FORCE_COLOR' env being set.
Web node_modules/expo/AppEntry.js ▓▓▓▓▓▓▓▓▓▓▓░░░░░ 70.1% (828/989)
| (Use `node --trace-warnings ...` to show where the warning was created)
Web Bundled 13877ms node_modules/expo/AppEntry.js (1414 modules)

› Assets (52):
node_modules/@expo/vector-icons/build/vendor/react-native-vector-icons/Fonts/Ionicons.b4eb097d35f44ed943676fd56f6bdc51.ttf (390 kB)
src/assets/ai-chat-glyph-focused.97b971bb9a265652837ccb1331acc848.png (213 kB)
src/assets/BG-transparent-vibyra.e9be6378260be99f997676d63abf28e8.png (1.13 MB)
src/assets/billing-plans/builder-card.101d69f0c362069bc6f8f4c401c5948e.png (1.87 MB)
src/assets/billing-plans/builder.2bd4e18fb1bc290fd3fafea02e837202.png (1.69 MB)
src/assets/billing-plans/free-card.2761997f5987fc8ad1e4ab79a39ed056.png (1.22 MB)
src/assets/billing-plans/free.5ddafd59536ad022a78333bed3d2e02f.png (1.27 MB)
src/assets/billing-plans/pro-card.4f83c7a3a91c904833fe296f4e28fff6.png (1.91 MB)
src/assets/billing-plans/pro.afd7739cd62d0398f684c79c3cf33521.png (1.6 MB)
src/assets/billing-plans/starter-card.020a4a3b4c0eb38840b1186f0f76ded5.png (1.8 MB)
src/assets/billing-plans/starter.b9e557576a08e11f402b614dd55467f0.png (1.46 MB)
src/assets/chat-build-ai-hero.1c8425db618cea22ca3a15ee380094b9.png (420 kB)
src/assets/community-hero-glow-transparent.5cb8f730a8c8682ba45e7488684dfa27.png (878 kB)
src/assets/front-auth-desktop-4k.a33933218d7ea066cc9a4fd950372265.webp (247 kB)
src/assets/identity-icons/beginner.04352b6d418a0358d8fe446307577aba.png (27.4 kB)
src/assets/identity-icons/developer.8c434fa004a1187249c739147ba86e9c.png (36.9 kB)
src/assets/identity-icons/founder-freelancer.52f67680863a639ab20b79b35de6d0e6.png (44.2 kB)
src/assets/identity-icons/student.193d1df56c55b475480200b99618b966.png (45.6 kB)
src/assets/moment-icons/device-sync-hero.39007e2f00d5e9674486a3b33f13baaa.png (674 kB)
src/assets/onboarding-icons/anywhere.d04a00ee4e1ea895767797afac413c06.png (49.6 kB)
src/assets/onboarding-icons/app-website.b3d6098eed257e60b011611a183d8dc3.png (36 kB)
src/assets/onboarding-icons/automation.0269954c961284d1d6f3d57d7beab210.png (26.4 kB)
src/assets/onboarding-icons/computer-edits.a900429f6e496120357f9bcfa3e29253.png (31.3 kB)
src/assets/onboarding-icons/every-day.1a711188a96efed53b3836fa0e0492d9.png (28.9 kB)
src/assets/onboarding-icons/exploring.84bda932409d460413a72478e5a7e4f5.png (30.5 kB)
src/assets/onboarding-icons/few-times-week.3654a9080336ba542737067925b8870e.png (42.9 kB)
src/assets/onboarding-icons/heavy.5f35fac1dbcb2face98431328e039777.png (24.1 kB)
src/assets/onboarding-icons/learning.145e92129acaec57114dab13f4ad4f50.png (38.3 kB)
src/assets/onboarding-icons/light.2a7c42789eae80022b45086d21b80531.png (35 kB)
src/assets/onboarding-icons/max.6363eb421c580ada25e8defbf2d508f3.png (38.1 kB)
src/assets/onboarding-icons/occasionally.b9463d22e647356b5dcaa4d9f5e988f1.png (23.3 kB)
src/assets/onboarding-icons/phone-computer.1b336a421c4150536667646d49414b21.png (30.2 kB)
src/assets/onboarding-icons/phone-first.f7ded88bcb642cb9f9f942c2d721ef84.png (21.9 kB)
src/assets/onboarding-icons/rarely.3a0f55caede416b36d3ce8bc4b89d684.png (16.9 kB)
src/assets/onboarding-icons/side-project.b392f20c0598a637b3af14e79fa7c44d.png (37.1 kB)
src/assets/onboarding-icons/steady.7b548ab066f9b9a426e30098c73c200c.png (18.7 kB)
src/assets/onboarding-icons/work.5d7270d85d401fbc5aeb2b16680a6a31.png (23.1 kB)
src/assets/persona-icons/app-builder.3b298f87bca66fd757f74cdd1eecf731.png (59 kB)
src/assets/persona-icons/hobby-builder.15326e007a0d14fb5f54388bcb6a176c.png (62.4 kB)
src/assets/persona-icons/idea-explorer.8387729e9c469bf5c9b3d2f9c56526c3.png (67.2 kB)
src/assets/persona-icons/learning-builder.337a5502bed594e4181cd825b1fb6f07.png (55.8 kB)
src/assets/persona-icons/power-engineer.71f61e08b8f5469cab10044bb1365889.png (53.4 kB)
src/assets/persona-icons/product-developer.4b6ee97edd2131cf98b31c83a6dfed20.png (56.5 kB)
src/assets/persona-icons/side-project-builder.1ff8810cf7dca7d06b1e41effd665059.png (53.6 kB)
src/assets/persona-icons/workflow-automator.8991440ffa2b5442b7366269b76926ef.png (52.2 kB)
src/assets/plan-icons/builder.8c55a512d15f9ea36286c85cd59f9219.png (6.08 kB)
src/assets/plan-icons/pro.7148715d0934f838b0e1ce7cd86d502e.png (10.5 kB)
src/assets/plan-icons/starter.23012d801575e16630ad2ece26820dfc.png (3.83 kB)
src/assets/projects-folders-hero-glow-transparent.c007d06b584f7c173c37fa88f37650fc.png (1.05 MB)
src/assets/result-background.da3966ebae769fd9e2f05f09546e2c82.png (1.24 MB)
src/assets/vibyra-cobalt.228e5c91b8842442995ee60651f5af49.png (312 kB)
src/assets/vibyra.d1b4a7df69b51f3fd5b8c8a0218e64ed.png (276 kB)

› web bundles (1):
_expo/static/js/web/AppEntry-ab672b17b28481321c1941a277c1d22b.js (3.33 MB)

› Files (2):
index.html (1.18 kB)
metadata.json (49 B)

Exported: /tmp/vibyra-performance-implementation-20260904-zoqgldu3/expo-verified
