
> vibyra-desktop-tauri@0.2.8 rust:clippy
> cargo clippy --manifest-path src-tauri/Cargo.toml --workspace --all-targets --locked -- -D warnings

   Compiling unicode-ident v1.0.24
   Compiling equivalent v1.0.2
   Compiling proc-macro2 v1.0.107
   Compiling hashbrown v0.17.1
   Compiling quote v1.0.47
   Compiling indexmap v2.14.0
   Compiling syn v3.0.3
   Compiling syn v2.0.119
   Compiling serde_derive v1.0.229
    Checking libc v0.2.189
    Checking serde_core v1.0.229
   Compiling heck v0.5.0
   Compiling synstructure v0.13.2
   Compiling zerofrom-derive v0.1.7
   Compiling yoke-derive v0.8.2
   Compiling serde v1.0.229
   Compiling toml_datetime v0.6.3
   Compiling serde_spanned v0.6.9
   Compiling toml_edit v0.20.2
   Compiling zerovec-derive v0.11.3
   Compiling displaydoc v0.2.7
    Checking bitflags v2.13.1
   Compiling toml v0.8.2
   Compiling system-deps v6.2.2
   Compiling thiserror-impl v1.0.69
    Checking pin-project-lite v0.2.17
   Compiling siphasher v1.0.3
   Compiling phf_shared v0.13.1
    Checking futures-core v0.3.33
   Compiling memchr v2.8.3
   Compiling phf_generator v0.13.1
    Checking smallvec v1.15.2
   Compiling cfg-if v1.0.4
   Compiling winnow v1.0.4
   Compiling zerofrom v0.1.8
   Compiling yoke v0.8.3
   Compiling semver v1.0.28
   Compiling toml_parser v1.1.3+spec-1.1.0
   Compiling thiserror-impl v2.0.20
   Compiling zerovec v0.11.6
   Compiling glib-sys v0.18.1
    Checking once_cell v1.21.4
   Compiling phf_macros v0.13.1
   Compiling gobject-sys v0.18.0
   Compiling time-core v0.1.9
   Compiling num-conv v0.2.2
    Checking slab v0.4.12
   Compiling tinystr v0.8.3
   Compiling phf_codegen v0.13.1
   Compiling itoa v1.0.18
   Compiling litemap v0.8.2
   Compiling writeable v0.6.3
   Compiling darling_core v0.23.0
   Compiling icu_locale_core v2.2.0
   Compiling potential_utf v0.1.5
   Compiling zerotrie v0.2.4
   Compiling utf8_iter v1.0.4
   Compiling icu_collections v2.2.0
   Compiling icu_provider v2.2.0
   Compiling darling_macro v0.23.0
   Compiling quick-xml v0.41.0
   Compiling scopeguard v1.2.0
   Compiling lock_api v0.4.14
   Compiling darling v0.23.0
   Compiling phf v0.13.1
   Compiling parking_lot_core v0.9.12
   Compiling string_cache_codegen v0.6.1
   Compiling icu_normalizer_data v2.2.0
   Compiling icu_properties_data v2.2.0
   Compiling gio-sys v0.18.1
   Compiling icu_properties v2.2.0
   Compiling web_atoms v0.2.6
   Compiling icu_normalizer v2.2.0
   Compiling parking_lot v0.12.5
   Compiling serde_with_macros v3.22.0
   Compiling zmij v1.0.23
   Compiling serde_spanned v1.1.1
   Compiling toml_writer v1.1.2+spec-1.1.0
    Checking log v0.4.33
   Compiling serde_json v1.0.151
   Compiling string_cache v0.9.0
   Compiling idna_adapter v1.2.2
   Compiling getrandom v0.4.3
   Compiling futures-macro v0.3.33
    Checking futures-task v0.3.33
   Compiling uuid v1.24.0
    Checking futures-util v0.3.33
   Compiling idna v1.1.0
   Compiling selectors v0.36.1
   Compiling aho-corasick v1.1.5
   Compiling derive_more-impl v2.1.1
   Compiling cssparser-macros v0.6.1
   Compiling unic-common v0.9.0
   Compiling regex-syntax v0.8.11
   Compiling alloc-no-stdlib v2.0.4
   Compiling byteorder v1.5.0
   Compiling unic-char-range v0.9.0
   Compiling unic-char-property v0.9.0
   Compiling alloc-stdlib v0.2.4
   Compiling unic-ucd-version v0.9.0
   Compiling cssparser v0.36.0
   Compiling regex-automata v0.4.18
   Compiling derive_more v2.1.1
   Compiling markup5ever v0.38.0
   Compiling url v2.5.8
   Compiling toml v1.1.4+spec-1.1.0
   Compiling typeid v1.0.3
   Compiling rustc_version v0.4.1
    Checking thiserror v1.0.69
   Compiling serde_derive_internals v0.29.1
   Compiling fnv v1.0.7
   Compiling powerfmt v0.2.0
   Compiling schemars_derive v0.8.22
   Compiling time v0.3.55
   Compiling cfb v0.7.3
   Compiling indexmap v1.9.3
   Compiling erased-serde v0.4.10
   Compiling regex v1.13.1
   Compiling html5ever v0.38.0
   Compiling unic-ucd-ident v0.9.0
   Compiling brotli-decompressor v5.0.3
   Compiling jsonptr v0.6.3
   Compiling thiserror v2.0.20
    Checking futures-channel v0.3.33
   Compiling gdk-sys v0.18.2
   Compiling cargo-platform v0.1.9
   Compiling bytes v1.12.1
   Compiling base64 v0.22.1
   Compiling same-file v1.0.6
    Checking futures-io v0.3.33
   Compiling dunce v1.0.5
   Compiling dom_query v0.27.0
   Compiling walkdir v2.5.0
   Compiling http v1.5.0
   Compiling schemars v0.8.22
   Compiling plist v1.10.0
   Compiling cargo_metadata v0.19.2
   Compiling json-patch v3.0.1
   Compiling brotli v8.0.4
   Compiling urlpattern v0.3.0
   Compiling serde-untagged v0.1.9
   Compiling infer v0.19.0
   Compiling serde_with v3.22.0
   Compiling ctor v0.8.0
   Compiling anyhow v1.0.104
    Checking stable_deref_trait v1.2.1
   Compiling glob v0.3.4
   Compiling proc-macro-error-attr v1.0.4
   Compiling syn v1.0.109
   Compiling tauri-utils v2.9.3
   Compiling proc-macro-error v1.0.4
   Compiling cairo-sys-rs v0.18.2
   Compiling pango-sys v0.18.0
   Compiling atk-sys v0.18.2
   Compiling gdk-pixbuf-sys v0.18.0
   Compiling proc-macro-crate v2.0.2
   Compiling glib-macros v0.18.5
    Checking futures-executor v0.3.33
    Checking glib v0.18.5
    Checking linux-raw-sys v0.12.1
    Checking rustix v1.1.4
   Compiling gtk-sys v0.18.2
    Checking percent-encoding v2.3.2
    Checking crossbeam-utils v0.8.22
    Checking mio v1.2.2
   Compiling option-ext v0.2.0
   Compiling toml v0.9.12+spec-1.1.0
   Compiling dirs-sys v0.5.0
    Checking gio v0.18.4
   Compiling embed-resource v3.0.11
   Compiling tauri-winres v0.3.6
   Compiling cargo_toml v0.22.3
   Compiling dirs v6.0.0
   Compiling tauri-plugin v2.6.3
   Compiling tauri-build v2.6.3
    Checking form_urlencoded v1.2.2
    Checking socket2 v0.6.5
    Checking tokio v1.53.1
    Checking pango v0.18.3
    Checking gdk-pixbuf v0.18.5
    Checking cairo-rs v0.18.5
   Compiling field-offset v0.3.6
   Compiling toml_edit v0.19.15
    Checking gdk v0.18.2
   Compiling proc-macro-crate v1.3.1
    Checking memoffset v0.9.1
   Compiling tauri v2.11.5
   Compiling soup3-sys v0.5.0
   Compiling javascriptcore-rs-sys v1.1.1
   Compiling gtk v0.18.2
   Compiling gtk3-macros v0.18.2
    Checking atk v0.18.2
   Compiling time-macros v0.2.32
   Compiling webkit2gtk-sys v2.0.2
    Checking deranged v0.5.8
    Checking parking v2.2.1
   Compiling simd-adler32 v0.3.10
   Compiling gdkx11-sys v0.18.2
   Compiling zeroize_derive v1.5.0
    Checking fastrand v2.5.0
   Compiling adler2 v2.0.1
    Checking bitflags v1.3.2
   Compiling miniz_oxide v0.8.9
    Checking zeroize v1.9.0
    Checking x11 v2.21.0
    Checking libdbus-sys v0.2.7
   Compiling crc32fast v1.5.0
    Checking dpi v0.1.2
    Checking raw-window-handle v0.6.2
   Compiling flate2 v1.1.9
    Checking dbus v0.9.12
    Checking javascriptcore-rs v1.1.2
    Checking soup3 v0.5.0
   Compiling fdeflate v0.3.7
    Checking crossbeam-channel v0.5.16
    Checking toml_datetime v1.1.1+spec-1.1.0
    Checking atomic-waker v1.1.2
   Compiling png v0.17.16
    Checking webkit2gtk v2.0.2
    Checking cookie v0.18.2
    Checking x11-dl v2.21.0
    Checking getrandom v0.3.4
   Compiling toml_edit v0.25.13+spec-1.1.0
   Compiling dlopen2_derive v0.4.3
   Compiling enumflags2_derive v0.7.12
    Checking unicode-segmentation v1.13.3
    Checking keyboard-types v0.7.0
   Compiling wry v0.55.1
   Compiling sha2 v0.10.9
    Checking dlopen2 v0.8.2
   Compiling proc-macro-crate v3.5.0
   Compiling ico v0.5.0
    Checking gdkx11 v0.18.2
    Checking rustls-pki-types v1.15.1
    Checking event-listener v5.4.2
    Checking gdkwayland-sys v0.18.2
    Checking concurrent-queue v2.5.0
    Checking tracing-core v0.1.36
   Compiling zvariant_utils v4.2.0
   Compiling tracing-attributes v0.1.31
   Compiling serde_repr v0.1.21
    Checking mime v0.3.17
    Checking tracing v0.1.44
   Compiling zvariant_derive v5.15.0
    Checking tauri-runtime v2.11.3
    Checking tao v0.35.3
    Checking event-listener-strategy v0.5.4
   Compiling tauri-codegen v2.6.3
    Checking futures-lite v2.6.1
    Checking getrandom v0.2.17
   Compiling serialize-to-javascript-impl v0.1.2
    Checking untrusted v0.9.0
    Checking downcast-rs v1.2.1
    Checking ring v0.17.14
   Compiling tauri-macros v2.6.3
    Checking serialize-to-javascript v0.1.2
    Checking tauri-runtime-wry v2.11.4
    Checking muda v0.19.3
    Checking http-body v1.1.0
    Checking rustls-webpki v0.103.13
   Compiling enumflags2 v0.7.12
    Checking polling v3.11.0
   Compiling zcheapstr v1.1.0
    Checking errno v0.3.14
    Checking subtle v2.6.1
    Checking async-task v4.7.1
    Checking tower-service v0.3.3
   Compiling endi v1.1.1
    Checking try-lock v0.2.5
    Checking want v0.3.1
   Compiling zvariant v5.15.0
    Checking rustls v0.23.43
    Checking signal-hook-registry v1.4.8
    Checking async-io v2.6.0
    Checking wayland-sys v0.31.11
    Checking httparse v1.10.1
    Checking async-channel v2.5.0
    Checking hyper v1.11.0
    Checking wayland-backend v0.3.16
    Checking async-signal v0.2.14
    Checking inotify-sys v0.1.8
   Compiling zbus_names v4.3.4
    Checking async-lock v3.4.2
    Checking piper v0.2.5
   Compiling tauri-plugin-fs v2.5.1
   Compiling wayland-scanner v0.31.11
    Checking sync_wrapper v1.0.2
    Checking foldhash v0.1.5
    Checking tower-layer v0.3.3
    Checking ipnet v2.12.1
    Checking hyper-util v0.1.20
    Checking wayland-client v0.31.15
    Checking tower v0.5.3
    Checking hashbrown v0.15.5
    Checking blocking v1.6.2
   Compiling zbus_macros v5.19.0
    Checking async-process v2.5.0
    Checking inotify v0.11.4
    Checking zerocopy v0.8.56
    Checking tokio-rustls v0.26.4
    Checking async-executor v1.14.0
    Checking async-broadcast v0.7.2
    Checking webpki-roots v1.0.9
    Checking gethostname v1.1.0
    Checking ordered-stream v0.2.0
    Checking notify-types v2.1.0
   Compiling async-recursion v1.1.1
   Compiling async-trait v0.1.92
    Checking openssl-probe v0.2.1
    Checking fixedbitset v0.5.7
    Checking x11rb-protocol v0.13.2
    Checking hex v0.4.3
   Compiling unicase v2.9.0
   Compiling mime_guess v2.0.5
    Checking zbus v5.19.0
    Checking x11rb v0.13.2
    Checking petgraph v0.8.3
    Checking rustls-native-certs v0.8.4
    Checking ppv-lite86 v0.2.21
    Checking notify v8.2.0
    Checking hyper-rustls v0.27.9
    Checking nix v0.28.0
    Checking num-traits v0.2.19
    Checking wayland-protocols v0.32.13
    Checking tower-http v0.6.11
    Checking http-body-util v0.1.4
    Checking rand_core v0.9.5
   Compiling tauri-plugin-updater v2.10.1
   Compiling tauri-plugin-dialog v2.7.2
   Compiling tauri-plugin-process v2.3.1
   Compiling tauri-plugin-notification v2.3.3
   Compiling tauri-plugin-global-shortcut v2.3.2
    Checking filedescriptor v0.8.3
    Checking nom v8.0.0
    Checking serial2 v0.2.38
    Checking futures-sink v0.3.33
    Checking shell-words v1.1.1
    Checking pxfm v0.1.30
    Checking file-id v0.2.3
    Checking moxcms v0.8.1
    Checking notify-debouncer-full v0.5.0
    Checking tree_magic_mini v3.2.2
    Checking portable-pty v0.9.0
   Compiling rfd v0.16.0
    Checking tokio-util v0.7.19
    Checking tempfile v3.27.0
    Checking wayland-protocols-wlr v0.3.12
    Checking rand_chacha v0.9.0
    Checking png v0.18.1
    Checking rustls-platform-verifier v0.7.0
    Checking xattr v1.6.1
    Checking filetime v0.2.29
    Checking os_pipe v1.2.3
    Checking bytemuck v1.25.2
    Checking byteorder-lite v0.1.0
    Checking xkeysym v0.2.1
    Checking ryu v1.0.23
    Checking serde_urlencoded v0.7.1
    Checking global-hotkey v0.8.0
    Checking image v0.25.10
    Checking wl-clipboard-rs v0.9.3
    Checking tar v0.4.46
    Checking reqwest v0.13.4
    Checking rand v0.9.5
    Checking notify-rust v4.18.0
    Checking dbus-secret-service v4.1.0
   Compiling vibyra-desktop v0.1.0 (/home/ellis/Desktop/Vibyra/desktop-tauri/src-tauri)
    Checking minisign-verify v0.2.5
    Checking keyring v3.6.3
    Checking arboard v3.6.1
    Checking reqwest v0.12.28
    Checking vibyra-core v0.1.0 (/home/ellis/Desktop/Vibyra/desktop-tauri/src-tauri/crates/vibyra-core)
    Checking tauri-plugin-single-instance v2.4.3
    Checking sysinfo v0.38.4
    Finished `dev` profile [unoptimized + debuginfo] target(s) in 3m 05s
